add ok
add ok
add ok
add ok
add ok
add ok
