Функция выполнена успешно
Функция выполнена успешно
Функция выполнена успешно
Функция выполнена успешно
add ok
add ok
add ok
